// Jest Snapshot v1, https://goo.gl/fbAQLP

exports[`render should render Header 1`] = `
<header
  className="header"
>
  <div
    className="content-container"
  >
    <Link
      className="header__title"
      to="/dashboard"
    >
      <h1>
        Class Board Tasks
      </h1>
    </Link>
    <div
      className="header__content"
    >
      <NavLink
        className="button button--link"
        exact={true}
        to="/groups"
      >
        Groups
      </NavLink>
      <div>
        <button
          className="button button--link"
          onClick={[Function]}
        >
          Settings
        </button>
        <button
          className="button button--link"
          onClick={[MockFunction]}
        >
          Logout
        </button>
      </div>
    </div>
  </div>
  <Connect(SettingsModal)
    isOpen={false}
    onRequestClose={[Function]}
  />
</header>
`;
