// Jest Snapshot v1, https://goo.gl/fbAQLP

exports[`render should render LoadingPage 1`] = `
<div
  className="loader"
>
  <img
    className="loader__image"
    src="/images/loader.gif"
  />
  <p>
    This loading gif is provided by
     
    <a
      href="https://loading.io/"
    >
      loading.io
    </a>
  </p>
</div>
`;
