// Jest Snapshot v1, https://goo.gl/fbAQLP

exports[`render should render TaskListFilters 1`] = `
<div>
  <input
    onChange={[Function]}
    placeholder="Search tasks"
    type="text"
    value=""
  />
  <input
    checked={false}
    id="grouped"
    onChange={[MockFunction]}
    type="checkbox"
  />
  <label
    htmlFor="grouped"
  >
     Group tasks
  </label>
  <select
    onChange={[Function]}
    value="deadline"
  >
    <option
      value="deadline"
    >
      Deadline
    </option>
    <option
      value="deadlineReversed"
    >
      Deadline Reversed
    </option>
    <option
      value="name"
    >
      Name
    </option>
    <option
      value="nameReversed"
    >
      Name Reversed
    </option>
  </select>
</div>
`;

exports[`render should render TaskListFilters with alt filters 1`] = `
<div>
  <input
    onChange={[Function]}
    placeholder="Search tasks"
    type="text"
    value=""
  />
  <input
    checked={false}
    id="grouped"
    onChange={[MockFunction]}
    type="checkbox"
  />
  <label
    htmlFor="grouped"
  >
     Group tasks
  </label>
  <select
    onChange={[Function]}
    value="name"
  >
    <option
      value="deadline"
    >
      Deadline
    </option>
    <option
      value="deadlineReversed"
    >
      Deadline Reversed
    </option>
    <option
      value="name"
    >
      Name
    </option>
    <option
      value="nameReversed"
    >
      Name Reversed
    </option>
  </select>
</div>
`;
