// Jest Snapshot v1, https://goo.gl/fbAQLP

exports[`render should render TaskListFilters 1`] = `
<div
  className="content-container"
>
  <div
    className="input-group"
  >
    <div
      className="input-group__item"
    >
      <input
        className="text-input"
        onChange={[Function]}
        placeholder="Search tasks"
        type="text"
        value=""
      />
    </div>
    <div
      className="input-group__item"
    >
      <label
        className="switch"
      >
        <input
          checked={false}
          className="toggle"
          onChange={[MockFunction]}
          type="checkbox"
        />
        <span
          className="slider"
        />
      </label>
    </div>
  </div>
</div>
`;

exports[`render should render TaskListFilters with alt filters 1`] = `
<div
  className="content-container"
>
  <div
    className="input-group"
  >
    <div
      className="input-group__item"
    >
      <input
        className="text-input"
        onChange={[Function]}
        placeholder="Search tasks"
        type="text"
        value=""
      />
    </div>
    <div
      className="input-group__item"
    >
      <label
        className="switch"
      >
        <input
          checked={false}
          className="toggle"
          onChange={[MockFunction]}
          type="checkbox"
        />
        <span
          className="slider"
        />
      </label>
    </div>
  </div>
</div>
`;
