// Jest Snapshot v1, https://goo.gl/fbAQLP

exports[`render should render TaskDashboardPage 1`] = `
<div>
  <div
    className="page-header"
  >
    <div
      className="content-container"
    >
      <h1
        className="page-header__title"
      >
        Dashboard
      </h1>
      <button
        className="button button--norm page-header__actions"
        onClick={[Function]}
      >
        Add Task
      </button>
    </div>
  </div>
  <Connect(TaskListFilters) />
  <Connect(TaskList) />
  <Connect(AddTaskModal)
    isOpen={false}
    onRequestClose={[Function]}
  />
</div>
`;
